node : node:internal/m
odules/cjs/loader:1051
At line:1 char:1
+ node server.js > 
error_log.txt 2>&1
+ ~~~~~~~~~~~~~~~~~~~~
~~~~~~~~~~~~~~~
    + CategoryInfo    
          : NotSpeci  
  fied: (node:inter   
 nal/modules/cjs/l    
oader:1051:String    
) [], RemoteExcep    
tion
    + FullyQualifiedE 
   rrorId : NativeCo  
  mmandError
 
  throw err;
  ^

Error: Cannot find 
module 
'express-validator'
Require stack:
- D:\Premiumuni\backen
d\routes\suppliers.js
- D:\Premiumuni\backen
d\server.js
    at Module._resolve
Filename (node:interna
l/modules/cjs/loader:1
048:15)
    at Module._load (n
ode:internal/modules/c
js/loader:901:27)
    at Module.require 
(node:internal/modules
/cjs/loader:1115:19)
    at require (node:i
nternal/modules/helper
s:130:18)
    at 
Object.<anonymous> (D:
\Premiumuni\backend\ro
utes\suppliers.js:3:18
)
    at 
Module._compile (node:
internal/modules/cjs/l
oader:1241:14)
    at Module._extensi
ons..js (node:internal
/modules/cjs/loader:12
95:10)
    at Module.load (no
de:internal/modules/cj
s/loader:1091:32)
    at Module._load (n
ode:internal/modules/c
js/loader:938:12)
    at Module.require 
(node:internal/modules
/cjs/loader:1115:19) {
  code: 
'MODULE_NOT_FOUND',
  requireStack: [
    'D:\\Premiumuni\\b
ackend\\routes\\suppli
ers.js',
    'D:\\Premiumuni\\b
ackend\\server.js'
  ]
}

Node.js v20.9.0
